<html>
<body>
<pre>
<h1>礦ision Build Log</h1>
<h2>Tool Versions:</h2>
IDE-Version: μVision V5.23.0.0
Copyright (C) 2017 ARM Ltd and ARM Germany GmbH. All rights reserved.
License Information: stm32 Administrator, stm32, LIC=SDA0P-MVIRR-PCKJ8-3QEP0-I8FHP-IUFZ6
 
Tool Versions:
Toolchain:       MDK-ARM Plus  Version: 5.23
Toolchain Path:  C:\Keil_v5\ARM\ARMCC\Bin
C Compiler:      Armcc.exe V5.06 update 4 (build 422)
Assembler:       Armasm.exe V5.06 update 4 (build 422)
Linker/Locator:  ArmLink.exe V5.06 update 4 (build 422)
Library Manager: ArmAr.exe V5.06 update 4 (build 422)
Hex Converter:   FromElf.exe V5.06 update 4 (build 422)
CPU DLL:         SARMCM3.DLL V5.23
Dialog DLL:      DARMSTM.DLL V1.68.0.0
Target DLL:      Segger\JL2CM3.dll V2.99.23.0
Dialog DLL:      TARMSTM.DLL V1.66.0.0
 
<h2>Project:</h2>
F:\ST\STM32\正点原子资料\正点-F103ZE开发板V3 资料盘(A盘)\战舰V3 资料盘(A盘)\6，软件资料\2，UCOS学习资料\UCOSIII资料\UCOSIII官方STM32F107移植\Micrium\Software\EvalBoards\Micrium\uC-Eval-STM32F107\uCOS-III\KeilMDK\uCOS-III.uvproj
Project File Date:  02/08/2013

<h2>Output:</h2>
*** Using Compiler 'V5.06 update 4 (build 422)', folder: 'C:\Keil_v5\ARM\ARMCC\Bin'
Rebuild target 'FLASH'
compiling os_app_hooks.c...
assembling cstartup.s...
compiling bsp.c...
compiling app.c...
compiling bsp_i2c.c...
compiling bsp_periph.c...
compiling bsp_int.c...
compiling bsp_os.c...
compiling bsp_stlm75.c...
compiling bsp_ser.c...
assembling cpu_a.asm...
compiling cpu_c.c...
compiling cpu_core.c...
compiling lib_math.c...
compiling lib_ascii.c...
compiling lib_mem.c...
compiling os_cfg_app.c...
assembling lib_mem_a.asm...
compiling lib_str.c...
compiling os_int.c...
compiling os_flag.c...
compiling os_core.c...
compiling os_msg.c...
compiling os_mem.c...
compiling os_mutex.c...
compiling os_prio.c...
compiling os_pend_multi.c...
compiling os_stat.c...
compiling os_sem.c...
compiling os_q.c...
compiling os_time.c...
compiling os_tick.c...
compiling os_tmr.c...
compiling os_task.c...
compiling os_var.c...
assembling os_cpu_a.s...
compiling os_cpu_c.c...
compiling os_dbg.c...
compiling stm32f10x_bkp.c...
compiling stm32f10x_adc.c...
compiling stm32f10x_can.c...
compiling stm32f10x_dbgmcu.c...
compiling stm32f10x_crc.c...
compiling stm32f10x_dac.c...
compiling stm32f10x_dma.c...
compiling stm32f10x_flash.c...
compiling stm32f10x_exti.c...
compiling stm32f10x_i2c.c...
compiling stm32f10x_gpio.c...
compiling stm32f10x_fsmc.c...
compiling stm32f10x_iwdg.c...
compiling stm32f10x_lib.c...
compiling stm32f10x_rcc.c...
compiling stm32f10x_rtc.c...
compiling stm32f10x_sdio.c...
compiling stm32f10x_spi.c...
compiling stm32f10x_tim.c...
compiling stm32f10x_systick.c...
compiling stm32f10x_usart.c...
compiling stm32f10x_wwdg.c...
linking...
Program Size: Code=56780 RO-data=1320 RW-data=256 ZI-data=36016  
".\Output\OS.axf" - 0 Error(s), 0 Warning(s).
Build Time Elapsed:  00:00:17
</pre>
</body>
</html>
